// Jest Snapshot v1, https://goo.gl/fbAQLP

exports[` 样式发生改变，做提示 1`] = `
<div class="header-wrap">
  <div class="header-wrap-box">
    TodoList
    <input type="text" placeholder="请输入" data-test="input" class="input-box">
  </div>
</div>
`;

exports[`Header 样式发生改变，做提示 1`] = `
<div class="header-wrap">
  <div class="header-wrap-box">
    TodoList
    <input type="text" placeholder="请输入" data-test="input" class="input-box">
  </div>
</div>
`;

exports[`Header 组件  样式发生改变，做提示 1`] = `
<div class="header-wrap">
  <div class="header-wrap-box">
    TodoList
    <input type="text" placeholder="请输入" data-test="input" class="input-box">
  </div>
</div>
`;
